// Jest Snapshot v1, https://goo.gl/fbAQLP

exports[`resolve-readme-example 1`] = `
":export
{
  continueButton: _source_continueButton _button_button;
}/* imported from node_modules/library/button.css */._button_button
{
  /*common button styles*/
}/* imported from source.css */._source_continueButton
{
  color: green;
}
"
`;

exports[`resolve-readme-example 2`] = `
Object {
  "continueButton": "_source_continueButton _button_button",
}
`;
